Running Gradle task 'assembleDebug'...                          
flutter : lib/screens/profi
le_screen.dart:112:81: 
Error: Member not found: 
'white20'.
At line:1 char:1
+ flutter build apk 
--debug 2>&1 | Out-File 
-FilePath 
build_errors.txt; ...
+ ~~~~~~~~~~~~~~~~~~~~~~~~~
~~~~~
    + CategoryInfo         
     : NotSpecified: (lib  
  /screens/pro...und: 'w   
 hite20'.:String) [], R    
emoteException
    + FullyQualifiedErrorI 
   d : NativeCommandError
 
                           
       Container(width: 1, 
height: 30, color: 
Colors.white20, margin: 
const EdgeInsets.symmetric(
horizontal: 24)),
                           
                           
                          
^^^^^^^
Target 
kernel_snapshot_program 
failed: Exception


FAILURE: Build failed with 
an exception.

* What went wrong:
Execution failed for task '
:app:compileFlutterBuildDeb
ug'.
> Process 'command 'C:\flut
ter\flutter\bin\flutter.bat
'' finished with non-zero 
exit value 1

* Try:
> Run with --stacktrace 
option to get the stack 
trace.
> Run with --info or 
--debug option to get more 
log output.
> Run with --scan to get 
full insights.
> Get more help at 
https://help.gradle.org.

BUILD FAILED in 14s
Running Gradle task 'assembleDebug'...                             15.3s
Gradle task assembleDebug 
failed with exit code 1
